// Jest Snapshot v1, https://goo.gl/fbAQLP

exports[`Card should match snapshot 1`] = `
<div
  className="react-card-flip"
  style={
    Object {
      "perspective": "1000px",
      "transformStyle": "preserve-3d",
    }
  }
>
  <div
    className="react-card-flipper"
    style={
      Object {
        "position": "relative",
        "transform": "rotateY(0deg)",
        "transformStyle": "preserve-3d",
        "transition": "0.6s",
      }
    }
  >
    <div
      className="react-card-front"
      style={
        Object {
          "WebkitBackfaceVisibility": "hidden",
          "backfaceVisibility": "hidden",
          "left": "0",
          "position": "absolute",
          "top": "0",
          "transform": "rotateY(0deg)",
          "transformStyle": "preserve-3d",
          "width": "100%",
          "zIndex": "2",
        }
      }
    >
      <div
        onClick={[Function]}
        style={
          Object {
            "border": "1px solid #eeeeee",
            "borderRadius": "3px",
            "padding": "15px",
            "width": "250px",
          }
        }
      >
        <img
          className=""
          src="http://myimg.com"
        />
      </div>
    </div>
    <div
      className="react-card-back"
      style={
        Object {
          "WebkitBackfaceVisibility": "hidden",
          "backfaceVisibility": "hidden",
          "left": "0",
          "position": "absolute",
          "top": "0",
          "transform": "rotateY(180deg)",
          "transformStyle": "preserve-3d",
          "width": "100%",
        }
      }
    >
      <div
        onClick={[Function]}
        style={
          Object {
            "border": "1px solid #eeeeee",
            "borderRadius": "3px",
            "padding": "15px",
            "width": "250px",
          }
        }
      >
        <img
          className=""
          src="back.jpg"
        />
      </div>
    </div>
  </div>
</div>
`;
